[36mvite v7.3.1 [32mbuilding client environment for production...[36m[39m
transforming...
[32mΓ£ô[39m 244 modules transformed.
node.exe : [31mΓ£ù[39m 
Build failed in 796ms
At line:1 char:1
+ & "C:\Program 
Files\nodejs/node.exe" "C:\Us
ers\nitin\AppData\Roaming\ 
...
+ ~~~~~~~~~~~~~~~~~~~~~~~~~~~
~~~~~~~~~~~~~~~~~~~~~~~~~~~~~
~~~~~~~~~~~~~
    + CategoryInfo           
   : NotSpecified: ([31mΓ£  
  ù[39m Build failed in 7   
 96ms:String) [], RemoteE    
xception
    + FullyQualifiedErrorId  
   : NativeCommandError
 
[31merror during build:
[31m[vite]: Rollup failed 
to resolve import "react-is" 
from "D:/Lead-management-syst
em/node_modules/recharts/es6/
util/ReactUtils.js".
This is most likely 
unintended because it can 
break your application at 
runtime.
If you do want to 
externalize this module 
explicitly add it to
`build.rollupOptions.external
`[31m
    at viteLog (file:///D:/Le
ad-management-system/node_mod
ules/vite/dist/node/chunks/co
nfig.js:33635:57)
    at file:///D:/Lead-manage
ment-system/node_modules/vite
/dist/node/chunks/config.js:3
3669:73
    at onwarn (file:///D:/Lea
d-management-system/node_modu
les/@vitejs/plugin-react/dist
/index.js:76:7)
    at file:///D:/Lead-manage
ment-system/node_modules/vite
/dist/node/chunks/config.js:3
3669:28
    at onRollupLog (file:///D
:/Lead-management-system/node
_modules/vite/dist/node/chunk
s/config.js:33664:63)
    at onLog (file:///D:/Lead
-management-system/node_modul
es/vite/dist/node/chunks/conf
ig.js:33467:4)
    at file:///D:/Lead-manage
ment-system/node_modules/roll
up/dist/es/shared/node-entry.
js:20981:32
    at Object.logger [as 
onLog] (file:///D:/Lead-manag
ement-system/node_modules/rol
lup/dist/es/shared/node-entry
.js:22968:9)
    at ModuleLoader.handleInv
alidResolvedId (file:///D:/Le
ad-management-system/node_mod
ules/rollup/dist/es/shared/no
de-entry.js:21712:26)
    at file:///D:/Lead-manage
ment-system/node_modules/roll
up/dist/es/shared/node-entry.
js:21670:26[39m
